 ====== Qdyn =====

 ### Reading input ###
 RUN: 1 - IMAGINARY TIME PROPAGATION
 Grid size:    32
 Number of dimensions: 3
 Number of steps:        3
 xmin, xmax: -13.0000 13.0000
 WF will be generated by program.
 Potential: analytic
 nstates: 10
 Projecting out also 90 degrees rotated wavefunctions due to numeric instabilities
 Printing WF: OFF

 ### Initialization ###
 Potential: 0.005*x**2 + 0.005*y**2 + 0.005*z**2                                                                
 Generating initial gaussian wave packet using section &init_wf.
 x0 =   -2.60000
 y0 =   -2.60000
 z0 =   -2.60000
 xsigma =    0.78000
 ysigma =    0.78000
 zsigma =    0.78000
 k0 =    0.00000
 WARNING! k0 currently not set correctly - to be corrected soon.


 ### Propagation ###

* Optimizing state  1
   100.0 a.u.; E=   0.150000099 a.u.; dE=  -1.184508908 a.u.
   200.0 a.u.; E=   0.150000098 a.u.; dE=  -0.000000001 a.u.
   300.0 a.u.; E=   0.150000098 a.u.; dE=  -0.000000000 a.u.
   400.0 a.u.; E=   0.150000098 a.u.; dE=   0.000000000 a.u.
   500.0 a.u.; E=   0.150000098 a.u.; dE=   0.000000000 a.u.
* Optimizing state  2
   100.0 a.u.; E=   0.250000425 a.u.; dE=   0.100000326 a.u.
   200.0 a.u.; E=   0.250000425 a.u.; dE=  -0.000000000 a.u.
   300.0 a.u.; E=   0.250000425 a.u.; dE=   0.000000000 a.u.
   400.0 a.u.; E=   0.250000425 a.u.; dE=  -0.000000000 a.u.
   500.0 a.u.; E=   0.250000425 a.u.; dE=  -0.000000000 a.u.
* Optimizing state  3
   100.0 a.u.; E=   0.350000594 a.u.; dE=   0.100000170 a.u.
   200.0 a.u.; E=   0.350000594 a.u.; dE=  -0.000000000 a.u.
   300.0 a.u.; E=   0.350000550 a.u.; dE=  -0.000000043 a.u.
   400.0 a.u.; E=   0.250477993 a.u.; dE=  -0.099522557 a.u.
   500.0 a.u.; E=   0.250000425 a.u.; dE=  -0.000477569 a.u.
* Optimizing state  4
   100.0 a.u.; E=   0.350000594 a.u.; dE=   0.100000170 a.u.
   200.0 a.u.; E=   0.350000594 a.u.; dE=  -0.000000000 a.u.
   300.0 a.u.; E=   0.350000581 a.u.; dE=  -0.000000013 a.u.
   400.0 a.u.; E=   0.251579028 a.u.; dE=  -0.098421552 a.u.
   500.0 a.u.; E=   0.250000425 a.u.; dE=  -0.001578604 a.u.
* Optimizing state  5
   100.0 a.u.; E=   0.350000594 a.u.; dE=   0.100000170 a.u.
   200.0 a.u.; E=   0.350000594 a.u.; dE=  -0.000000000 a.u.
   300.0 a.u.; E=   0.350000594 a.u.; dE=  -0.000000000 a.u.
   400.0 a.u.; E=   0.350000594 a.u.; dE=  -0.000000000 a.u.
   500.0 a.u.; E=   0.350000593 a.u.; dE=  -0.000000000 a.u.
* Optimizing state  6
   100.0 a.u.; E=   0.350870554 a.u.; dE=   0.000869960 a.u.
   200.0 a.u.; E=   0.349996255 a.u.; dE=  -0.000874299 a.u.
   300.0 a.u.; E=   0.349996255 a.u.; dE=  -0.000000000 a.u.
   400.0 a.u.; E=   0.349996255 a.u.; dE=   0.000000000 a.u.
   500.0 a.u.; E=   0.349996255 a.u.; dE=  -0.000000000 a.u.
* Optimizing state  7
   100.0 a.u.; E=   0.450014108 a.u.; dE=   0.100017853 a.u.
   200.0 a.u.; E=   0.450014043 a.u.; dE=  -0.000000065 a.u.
   300.0 a.u.; E=   0.450013945 a.u.; dE=  -0.000000098 a.u.
   400.0 a.u.; E=   0.350607454 a.u.; dE=  -0.099406490 a.u.
   500.0 a.u.; E=   0.350000423 a.u.; dE=  -0.000607031 a.u.
* Optimizing state  8
   100.0 a.u.; E=   0.450014108 a.u.; dE=   0.100013685 a.u.
   200.0 a.u.; E=   0.449975774 a.u.; dE=  -0.000038334 a.u.
   300.0 a.u.; E=   0.349996966 a.u.; dE=  -0.099978808 a.u.
   400.0 a.u.; E=   0.349996425 a.u.; dE=  -0.000000541 a.u.
   500.0 a.u.; E=   0.349996425 a.u.; dE=  -0.000000000 a.u.
* Optimizing state  9
   100.0 a.u.; E=   0.450014108 a.u.; dE=   0.100017683 a.u.
   200.0 a.u.; E=   0.450014043 a.u.; dE=  -0.000000065 a.u.
   300.0 a.u.; E=   0.450013972 a.u.; dE=  -0.000000071 a.u.
   400.0 a.u.; E=   0.353205017 a.u.; dE=  -0.096808955 a.u.
   500.0 a.u.; E=   0.350000523 a.u.; dE=  -0.003204494 a.u.
* Optimizing state 10
   100.0 a.u.; E=   0.450014108 a.u.; dE=   0.100013585 a.u.
   200.0 a.u.; E=   0.449866728 a.u.; dE=  -0.000147379 a.u.
   300.0 a.u.; E=   0.349996465 a.u.; dE=  -0.099870263 a.u.
   400.0 a.u.; E=   0.349996325 a.u.; dE=  -0.000000140 a.u.
   500.0 a.u.; E=   0.349996325 a.u.; dE=   0.000000000 a.u.
 JOB DONE.
