 ====== Qdyn =====

 ### Reading input ###
 RUN: IMAGINARY TIME PROPAGATION
 Grid size in x:    32
 Grid size in y:    32
 Grid size in z:    32
 Number of dimensions: 3
 Number of steps:        3
 xmin, xmax: -14.0000 14.0000
 ymin, ymax: -13.0000 13.0000
 zmin, zmax: -13.0000 13.0000
 WF will be generated by program.
 Potential: analytic
 nstates: 12
 Projecting out also 90 degrees rotated wavefunctions due to numeric instabilities
 Printing WF: OFF

 ### Initialization ###
 Potential: 0.01*(x**2 + y**2 + z**2)                                                                           
 Generating initial gaussian wave packet using section &init_wf.
 x0 =    2.80000
 y0 =    2.60000
 z0 =    2.60000
 xsigma =    0.56000
 ysigma =    0.52000
 zsigma =    0.52000
 px0 =    0.00000
 py0 =    0.00000
 pz0 =    0.00000
 norm =    0.89467


 ### Propagation ###

* Optimizing state  1
   100.0 a.u.; E=   0.150000123 a.u.; dE=  -1.210508579 a.u.
   200.0 a.u.; E=   0.150000121 a.u.; dE=  -0.000000002 a.u.
   300.0 a.u.; E=   0.150000121 a.u.; dE=  -0.000000000 a.u.
   400.0 a.u.; E=   0.150000121 a.u.; dE=  -0.000000000 a.u.
   500.0 a.u.; E=   0.150000121 a.u.; dE=   0.000000000 a.u.
* Optimizing state  2
   100.0 a.u.; E=   0.250000202 a.u.; dE=   0.100000081 a.u.
   200.0 a.u.; E=   0.250000202 a.u.; dE=  -0.000000001 a.u.
   300.0 a.u.; E=   0.250000202 a.u.; dE=   0.000000000 a.u.
   400.0 a.u.; E=   0.250000202 a.u.; dE=   0.000000000 a.u.
   500.0 a.u.; E=   0.250000202 a.u.; dE=  -0.000000000 a.u.
* Optimizing state  3
   100.0 a.u.; E=   0.349994005 a.u.; dE=   0.099993803 a.u.
   200.0 a.u.; E=   0.250003512 a.u.; dE=  -0.099990493 a.u.
   300.0 a.u.; E=   0.250000202 a.u.; dE=  -0.000003310 a.u.
   400.0 a.u.; E=   0.250000202 a.u.; dE=  -0.000000000 a.u.
   500.0 a.u.; E=   0.250000202 a.u.; dE=   0.000000000 a.u.
* Optimizing state  4
   100.0 a.u.; E=   0.350000283 a.u.; dE=   0.100000081 a.u.
   200.0 a.u.; E=   0.350000283 a.u.; dE=  -0.000000000 a.u.
   300.0 a.u.; E=   0.350000277 a.u.; dE=  -0.000000005 a.u.
   400.0 a.u.; E=   0.253968164 a.u.; dE=  -0.096032113 a.u.
   500.0 a.u.; E=   0.250000202 a.u.; dE=  -0.003967963 a.u.
* Optimizing state  5
   100.0 a.u.; E=   0.350000283 a.u.; dE=   0.100000081 a.u.
   200.0 a.u.; E=   0.350000282 a.u.; dE=  -0.000000000 a.u.
   300.0 a.u.; E=   0.350000282 a.u.; dE=  -0.000000000 a.u.
   400.0 a.u.; E=   0.350000282 a.u.; dE=  -0.000000000 a.u.
   500.0 a.u.; E=   0.350000282 a.u.; dE=   0.000000000 a.u.
* Optimizing state  6
   100.0 a.u.; E=   0.449842500 a.u.; dE=   0.099842217 a.u.
   200.0 a.u.; E=   0.350000414 a.u.; dE=  -0.099842086 a.u.
   300.0 a.u.; E=   0.350000282 a.u.; dE=  -0.000000131 a.u.
   400.0 a.u.; E=   0.350000282 a.u.; dE=   0.000000000 a.u.
   500.0 a.u.; E=   0.350000282 a.u.; dE=  -0.000000000 a.u.
* Optimizing state  7
   100.0 a.u.; E=   0.450000363 a.u.; dE=   0.100000081 a.u.
   200.0 a.u.; E=   0.450000184 a.u.; dE=  -0.000000180 a.u.
   300.0 a.u.; E=   0.350115803 a.u.; dE=  -0.099884381 a.u.
   400.0 a.u.; E=   0.350000282 a.u.; dE=  -0.000115520 a.u.
   500.0 a.u.; E=   0.350000282 a.u.; dE=  -0.000000000 a.u.
* Optimizing state  8
   100.0 a.u.; E=   0.450000363 a.u.; dE=   0.100000081 a.u.
   200.0 a.u.; E=   0.450000363 a.u.; dE=  -0.000000000 a.u.
   300.0 a.u.; E=   0.450000343 a.u.; dE=  -0.000000021 a.u.
   400.0 a.u.; E=   0.350996880 a.u.; dE=  -0.099003463 a.u.
   500.0 a.u.; E=   0.350000282 a.u.; dE=  -0.000996597 a.u.
* Optimizing state  9
   100.0 a.u.; E=   0.450000363 a.u.; dE=   0.100000081 a.u.
   200.0 a.u.; E=   0.450000363 a.u.; dE=  -0.000000001 a.u.
   300.0 a.u.; E=   0.375071655 a.u.; dE=  -0.074928707 a.u.
   400.0 a.u.; E=   0.350000283 a.u.; dE=  -0.025071373 a.u.
   500.0 a.u.; E=   0.350000282 a.u.; dE=  -0.000000000 a.u.
* Optimizing state 10
   100.0 a.u.; E=   0.450000363 a.u.; dE=   0.100000081 a.u.
   200.0 a.u.; E=   0.450000363 a.u.; dE=  -0.000000000 a.u.
   300.0 a.u.; E=   0.450000362 a.u.; dE=  -0.000000001 a.u.
   400.0 a.u.; E=   0.368646062 a.u.; dE=  -0.081354301 a.u.
   500.0 a.u.; E=   0.350000283 a.u.; dE=  -0.018645779 a.u.
* Optimizing state 11
   100.0 a.u.; E=   0.450000363 a.u.; dE=   0.100000081 a.u.
   200.0 a.u.; E=   0.450000363 a.u.; dE=  -0.000000000 a.u.
   300.0 a.u.; E=   0.450000363 a.u.; dE=  -0.000000000 a.u.
   400.0 a.u.; E=   0.450000363 a.u.; dE=   0.000000000 a.u.
   500.0 a.u.; E=   0.450000363 a.u.; dE=  -0.000000000 a.u.
* Optimizing state 12
   100.0 a.u.; E=   0.549622550 a.u.; dE=   0.099622187 a.u.
   200.0 a.u.; E=   0.450000418 a.u.; dE=  -0.099622132 a.u.
   300.0 a.u.; E=   0.450000363 a.u.; dE=  -0.000000055 a.u.
   400.0 a.u.; E=   0.450000363 a.u.; dE=   0.000000000 a.u.
   500.0 a.u.; E=   0.450000363 a.u.; dE=  -0.000000000 a.u.
 JOB DONE.
