 ====== Qdyn =====

 ### Reading input ###
 RUN: IMAGINARY TIME PROPAGATION
 Time step:   1.00000 a.u.
 Number of steps:      500
 Total time:     500.00 a.u.
 Grid size in x:    16
 Grid size in y:    32
 Grid size in z:    32
 Number of dimensions: 3
 Number of steps:        3
 xmin, xmax: -14.0000 14.0000
 ymin, ymax: -13.0000 13.0000
 zmin, zmax: -13.0000 13.0000
 Potential: analytic
 nstates: 10
 Projecting out also 90 degrees rotated wavefunctions due to numeric instabilities
 Printing WF: OFF

 ### Initialization ###
 Potential: 0.005*x**2 + 0.005*y**2 + 0.005*z**2                                                                
 Generating initial gaussian wave packet.
 x0 =    2.80000
 y0 =    2.60000
 z0 =    2.60000
 xsigma =    0.56000
 ysigma =    0.52000
 zsigma =    0.52000
 px0 =    0.00000
 py0 =    0.00000
 pz0 =    0.00000
 norm =    1.74620


 ### Propagation ###

* Optimizing state  1
   100.0 a.u.; E=   0.150000107 a.u.; dE=  -2.020002391 a.u.
   200.0 a.u.; E=   0.150000106 a.u.; dE=  -0.000000001 a.u.
   300.0 a.u.; E=   0.150000106 a.u.; dE=   0.000000000 a.u.
   400.0 a.u.; E=   0.150000106 a.u.; dE=  -0.000000000 a.u.
   500.0 a.u.; E=   0.150000106 a.u.; dE=  -0.000000000 a.u.
* Optimizing state  2
   100.0 a.u.; E=   0.250000341 a.u.; dE=   0.100000235 a.u.
   200.0 a.u.; E=   0.250000341 a.u.; dE=  -0.000000000 a.u.
   300.0 a.u.; E=   0.250000341 a.u.; dE=  -0.000000000 a.u.
   400.0 a.u.; E=   0.250000341 a.u.; dE=  -0.000000000 a.u.
   500.0 a.u.; E=   0.250000341 a.u.; dE=  -0.000000000 a.u.
* Optimizing state  3
   100.0 a.u.; E=   0.296523338 a.u.; dE=   0.046522997 a.u.
   200.0 a.u.; E=   0.250000283 a.u.; dE=  -0.046523056 a.u.
   300.0 a.u.; E=   0.250000282 a.u.; dE=  -0.000000000 a.u.
   400.0 a.u.; E=   0.250000282 a.u.; dE=   0.000000000 a.u.
   500.0 a.u.; E=   0.250000282 a.u.; dE=  -0.000000000 a.u.
* Optimizing state  4
   100.0 a.u.; E=   0.350000490 a.u.; dE=   0.100000208 a.u.
   200.0 a.u.; E=   0.350000490 a.u.; dE=  -0.000000000 a.u.
   300.0 a.u.; E=   0.350000462 a.u.; dE=  -0.000000028 a.u.
   400.0 a.u.; E=   0.250742934 a.u.; dE=  -0.099257528 a.u.
   500.0 a.u.; E=   0.250000432 a.u.; dE=  -0.000742502 a.u.
* Optimizing state  5
   100.0 a.u.; E=   0.350000490 a.u.; dE=   0.100000058 a.u.
   200.0 a.u.; E=   0.350000490 a.u.; dE=  -0.000000000 a.u.
   300.0 a.u.; E=   0.350000490 a.u.; dE=  -0.000000000 a.u.
   400.0 a.u.; E=   0.350000490 a.u.; dE=  -0.000000000 a.u.
   500.0 a.u.; E=   0.350000490 a.u.; dE=  -0.000000000 a.u.
* Optimizing state  6
   100.0 a.u.; E=   0.351691852 a.u.; dE=   0.001691362 a.u.
   200.0 a.u.; E=   0.349996377 a.u.; dE=  -0.001695475 a.u.
   300.0 a.u.; E=   0.349996377 a.u.; dE=  -0.000000000 a.u.
   400.0 a.u.; E=   0.349996376 a.u.; dE=  -0.000000000 a.u.
   500.0 a.u.; E=   0.349996376 a.u.; dE=  -0.000000000 a.u.
* Optimizing state  7
   100.0 a.u.; E=   0.450007133 a.u.; dE=   0.100010756 a.u.
   200.0 a.u.; E=   0.350018662 a.u.; dE=  -0.099988471 a.u.
   300.0 a.u.; E=   0.350000393 a.u.; dE=  -0.000018269 a.u.
   400.0 a.u.; E=   0.350000393 a.u.; dE=  -0.000000000 a.u.
   500.0 a.u.; E=   0.350000393 a.u.; dE=  -0.000000000 a.u.
* Optimizing state  8
   100.0 a.u.; E=   0.450008269 a.u.; dE=   0.100007876 a.u.
   200.0 a.u.; E=   0.450001807 a.u.; dE=  -0.000006462 a.u.
   300.0 a.u.; E=   0.350003522 a.u.; dE=  -0.099998285 a.u.
   400.0 a.u.; E=   0.350000288 a.u.; dE=  -0.000003234 a.u.
   500.0 a.u.; E=   0.350000288 a.u.; dE=  -0.000000000 a.u.
* Optimizing state  9
   100.0 a.u.; E=   0.450008269 a.u.; dE=   0.100007981 a.u.
   200.0 a.u.; E=   0.450008223 a.u.; dE=  -0.000000046 a.u.
   300.0 a.u.; E=   0.450008171 a.u.; dE=  -0.000000053 a.u.
   400.0 a.u.; E=   0.352680961 a.u.; dE=  -0.097327210 a.u.
   500.0 a.u.; E=   0.350000039 a.u.; dE=  -0.002680922 a.u.
* Optimizing state 10
   100.0 a.u.; E=   0.450008269 a.u.; dE=   0.100008230 a.u.
   200.0 a.u.; E=   0.449779742 a.u.; dE=  -0.000228527 a.u.
   300.0 a.u.; E=   0.349996674 a.u.; dE=  -0.099783068 a.u.
   400.0 a.u.; E=   0.349996584 a.u.; dE=  -0.000000091 a.u.
   500.0 a.u.; E=   0.349996584 a.u.; dE=   0.000000000 a.u.
 JOB DONE.
