 ====== Qdyn =====

 ### Reading input ###
 RUN: 1 - IMAGINARY TIME PROPAGATION
 Grid size:   512
 Number of dimensions: 1
 Number of steps:        1
 xmin, xmax: -37.0000 37.0000
 WF will be generated by program.
 Potential: analytic
 nstates: 10
 Projecting out also 90 degrees rotated wavefunctions due to numeric instabilities
 Printing WF: OFF

 ### Initialization ###
 Potential: 0.005*(x)**2                                                                                        
 Generating initial gaussian wave packet using section &init_wf.
 x0 =    1.00000
 y0 =    7.40000
 z0 =    7.40000
 xsigma =    1.48000
 ysigma =    1.48000
 zsigma =    1.48000
 px0 =    0.00000
 py0 =    0.00000
 pz0 =    0.00000
 norm =    1.00000


 ### Propagation ###

* Optimizing state  1
    10.0 a.u.; E=   0.052302712 a.u.; dE=  -0.072307698 a.u.
    20.0 a.u.; E=   0.050255034 a.u.; dE=  -0.002047678 a.u.
    30.0 a.u.; E=   0.050033577 a.u.; dE=  -0.000221457 a.u.
    40.0 a.u.; E=   0.050004531 a.u.; dE=  -0.000029046 a.u.
    50.0 a.u.; E=   0.050000616 a.u.; dE=  -0.000003915 a.u.
    60.0 a.u.; E=   0.050000087 a.u.; dE=  -0.000000530 a.u.
    70.0 a.u.; E=   0.050000015 a.u.; dE=  -0.000000072 a.u.
    80.0 a.u.; E=   0.050000005 a.u.; dE=  -0.000000010 a.u.
    90.0 a.u.; E=   0.050000004 a.u.; dE=  -0.000000001 a.u.
   100.0 a.u.; E=   0.050000004 a.u.; dE=  -0.000000000 a.u.
* Optimizing state  2
    10.0 a.u.; E=   0.163157772 a.u.; dE=   0.113157768 a.u.
    20.0 a.u.; E=   0.151748609 a.u.; dE=  -0.011409163 a.u.
    30.0 a.u.; E=   0.150236089 a.u.; dE=  -0.001512519 a.u.
    40.0 a.u.; E=   0.150031956 a.u.; dE=  -0.000204133 a.u.
    50.0 a.u.; E=   0.150004335 a.u.; dE=  -0.000027621 a.u.
    60.0 a.u.; E=   0.150000597 a.u.; dE=  -0.000003739 a.u.
    70.0 a.u.; E=   0.150000091 a.u.; dE=  -0.000000506 a.u.
    80.0 a.u.; E=   0.150000022 a.u.; dE=  -0.000000069 a.u.
    90.0 a.u.; E=   0.150000013 a.u.; dE=  -0.000000009 a.u.
   100.0 a.u.; E=   0.150000012 a.u.; dE=  -0.000000001 a.u.
* Optimizing state  3
    10.0 a.u.; E=   0.257793948 a.u.; dE=   0.107793936 a.u.
    20.0 a.u.; E=   0.251028251 a.u.; dE=  -0.006765697 a.u.
    30.0 a.u.; E=   0.250139014 a.u.; dE=  -0.000889236 a.u.
    40.0 a.u.; E=   0.250018831 a.u.; dE=  -0.000120183 a.u.
    50.0 a.u.; E=   0.250002565 a.u.; dE=  -0.000016266 a.u.
    60.0 a.u.; E=   0.250000364 a.u.; dE=  -0.000002202 a.u.
    70.0 a.u.; E=   0.250000066 a.u.; dE=  -0.000000298 a.u.
    80.0 a.u.; E=   0.250000025 a.u.; dE=  -0.000000040 a.u.
    90.0 a.u.; E=   0.250000020 a.u.; dE=  -0.000000005 a.u.
   100.0 a.u.; E=   0.250000019 a.u.; dE=  -0.000000001 a.u.
* Optimizing state  4
    10.0 a.u.; E=   0.355625311 a.u.; dE=   0.105625292 a.u.
    20.0 a.u.; E=   0.350598498 a.u.; dE=  -0.005026813 a.u.
    30.0 a.u.; E=   0.350077967 a.u.; dE=  -0.000520532 a.u.
    40.0 a.u.; E=   0.350010520 a.u.; dE=  -0.000067446 a.u.
    50.0 a.u.; E=   0.350001446 a.u.; dE=  -0.000009074 a.u.
    60.0 a.u.; E=   0.350000219 a.u.; dE=  -0.000001227 a.u.
    70.0 a.u.; E=   0.350000053 a.u.; dE=  -0.000000166 a.u.
    80.0 a.u.; E=   0.350000030 a.u.; dE=  -0.000000022 a.u.
    90.0 a.u.; E=   0.350000027 a.u.; dE=  -0.000000003 a.u.
   100.0 a.u.; E=   0.350000027 a.u.; dE=  -0.000000000 a.u.
* Optimizing state  5
    10.0 a.u.; E=   0.466931145 a.u.; dE=   0.116931118 a.u.
    20.0 a.u.; E=   0.452546033 a.u.; dE=  -0.014385112 a.u.
    30.0 a.u.; E=   0.450350964 a.u.; dE=  -0.002195069 a.u.
    40.0 a.u.; E=   0.450047658 a.u.; dE=  -0.000303306 a.u.
    50.0 a.u.; E=   0.450006483 a.u.; dE=  -0.000041175 a.u.
    60.0 a.u.; E=   0.450000907 a.u.; dE=  -0.000005576 a.u.
    70.0 a.u.; E=   0.450000153 a.u.; dE=  -0.000000755 a.u.
    80.0 a.u.; E=   0.450000050 a.u.; dE=  -0.000000102 a.u.
    90.0 a.u.; E=   0.450000037 a.u.; dE=  -0.000000014 a.u.
   100.0 a.u.; E=   0.450000035 a.u.; dE=  -0.000000002 a.u.
* Optimizing state  6
    10.0 a.u.; E=   0.553058435 a.u.; dE=   0.103058400 a.u.
    20.0 a.u.; E=   0.550242811 a.u.; dE=  -0.002815624 a.u.
    30.0 a.u.; E=   0.550029742 a.u.; dE=  -0.000213069 a.u.
    40.0 a.u.; E=   0.550004004 a.u.; dE=  -0.000025738 a.u.
    50.0 a.u.; E=   0.550000577 a.u.; dE=  -0.000003427 a.u.
    60.0 a.u.; E=   0.550000114 a.u.; dE=  -0.000000463 a.u.
    70.0 a.u.; E=   0.550000052 a.u.; dE=  -0.000000063 a.u.
    80.0 a.u.; E=   0.550000043 a.u.; dE=  -0.000000008 a.u.
    90.0 a.u.; E=   0.550000042 a.u.; dE=  -0.000000001 a.u.
   100.0 a.u.; E=   0.550000042 a.u.; dE=  -0.000000000 a.u.
* Optimizing state  7
    10.0 a.u.; E=   0.683189149 a.u.; dE=   0.133189108 a.u.
    20.0 a.u.; E=   0.656073878 a.u.; dE=  -0.027115271 a.u.
    30.0 a.u.; E=   0.650866398 a.u.; dE=  -0.005207481 a.u.
    40.0 a.u.; E=   0.650118187 a.u.; dE=  -0.000748211 a.u.
    50.0 a.u.; E=   0.650016057 a.u.; dE=  -0.000102130 a.u.
    60.0 a.u.; E=   0.650002217 a.u.; dE=  -0.000013840 a.u.
    70.0 a.u.; E=   0.650000343 a.u.; dE=  -0.000001874 a.u.
    80.0 a.u.; E=   0.650000089 a.u.; dE=  -0.000000254 a.u.
    90.0 a.u.; E=   0.650000055 a.u.; dE=  -0.000000034 a.u.
   100.0 a.u.; E=   0.650000050 a.u.; dE=  -0.000000005 a.u.
* Optimizing state  8
    10.0 a.u.; E=   0.751948667 a.u.; dE=   0.101948616 a.u.
    20.0 a.u.; E=   0.750095301 a.u.; dE=  -0.001853365 a.u.
    30.0 a.u.; E=   0.750009866 a.u.; dE=  -0.000085435 a.u.
    40.0 a.u.; E=   0.750001328 a.u.; dE=  -0.000008538 a.u.
    50.0 a.u.; E=   0.750000228 a.u.; dE=  -0.000001100 a.u.
    60.0 a.u.; E=   0.750000080 a.u.; dE=  -0.000000148 a.u.
    70.0 a.u.; E=   0.750000060 a.u.; dE=  -0.000000020 a.u.
    80.0 a.u.; E=   0.750000057 a.u.; dE=  -0.000000003 a.u.
    90.0 a.u.; E=   0.750000057 a.u.; dE=  -0.000000000 a.u.
   100.0 a.u.; E=   0.750000057 a.u.; dE=  -0.000000000 a.u.
* Optimizing state  9
    10.0 a.u.; E=   0.910784482 a.u.; dE=   0.160784425 a.u.
    20.0 a.u.; E=   0.866713296 a.u.; dE=  -0.044071185 a.u.
    30.0 a.u.; E=   0.852642932 a.u.; dE=  -0.014070364 a.u.
    40.0 a.u.; E=   0.850366167 a.u.; dE=  -0.002276765 a.u.
    50.0 a.u.; E=   0.850049779 a.u.; dE=  -0.000316388 a.u.
    60.0 a.u.; E=   0.850006797 a.u.; dE=  -0.000042982 a.u.
    70.0 a.u.; E=   0.850000976 a.u.; dE=  -0.000005821 a.u.
    80.0 a.u.; E=   0.850000188 a.u.; dE=  -0.000000788 a.u.
    90.0 a.u.; E=   0.850000082 a.u.; dE=  -0.000000107 a.u.
   100.0 a.u.; E=   0.850000067 a.u.; dE=  -0.000000014 a.u.
* Optimizing state 10
    10.0 a.u.; E=   0.951498844 a.u.; dE=   0.101498777 a.u.
    20.0 a.u.; E=   0.950037841 a.u.; dE=  -0.001461003 a.u.
    30.0 a.u.; E=   0.950002179 a.u.; dE=  -0.000035662 a.u.
    40.0 a.u.; E=   0.950000301 a.u.; dE=  -0.000001878 a.u.
    50.0 a.u.; E=   0.950000101 a.u.; dE=  -0.000000200 a.u.
    60.0 a.u.; E=   0.950000075 a.u.; dE=  -0.000000026 a.u.
    70.0 a.u.; E=   0.950000071 a.u.; dE=  -0.000000004 a.u.
    80.0 a.u.; E=   0.950000071 a.u.; dE=  -0.000000000 a.u.
    90.0 a.u.; E=   0.950000071 a.u.; dE=  -0.000000000 a.u.
   100.0 a.u.; E=   0.950000071 a.u.; dE=  -0.000000000 a.u.
 JOB DONE.
